type=SYSCALL msg=audit(1733941800.269:78815): arch=c000003e syscall=87 success=yes exit=0 a0=2204001d4f80 a1=56376d5898d1 a2=5f6856f2992f42ec a3=0 items=2 ppid=14448 pid=14486 auid=1003 uid=1003 gid=1004 euid=1003 suid=1003 fsuid=1003 egid=1004 sgid=1004 fsgid=1004 tty=pts0 ses=16 comm="Chrome_ChildIOT" exe="/opt/brave.com/brave/brave" subj=unconfined
type=CWD msg=audit(1733941800.269:78815): cwd="/home/alice"
type=PATH msg=audit(1733941800.269:78815): item=0 name="/dev/shm/" inode=1 dev=00:18 mode=041777 ouid=0 ogid=0 rdev=00:00 nametype=PARENT cap_fp=0 cap_fi=0 cap_fe=0 cap_fver=0 cap_frootid=0
type=PATH msg=audit(1733941800.269:78815): item=1 name="/dev/shm/.org.chromium.Chromium.zwwFQx" inode=15880 dev=00:18 mode=0100600 ouid=1003 ogid=1004 rdev=00:00 nametype=DELETE cap_fp=0 cap_fi=0 cap_fe=0 cap_fver=0 cap_frootid=0
type=PROCTITLE msg=audit(1733941800.269:78815): proctitle=2F6F70742F62726176652E636F6D2F62726176652F6272617665202D2D747970653D7574696C697479202D2D7574696C6974792D7375622D747970653D6E6574776F726B2E6D6F6A6F6D2E4E6574776F726B53657276696365202D2D6C616E673D656E2D5553202D2D736572766963652D73616E64626F782D747970653D6E6F
type=SYSCALL msg=audit(1733941801.441:78816): arch=c000003e syscall=87 success=yes exit=0 a0=27dc0a8f3600 a1=27dc0a8f3600 a2=1 a3=7ffe271f7090 items=2 ppid=14442 pid=14448 auid=1003 uid=1003 gid=1004 euid=1003 suid=1003 fsuid=1003 egid=1004 sgid=1004 fsgid=1004 tty=pts0 ses=16 comm="ThreadPoolForeg" exe="/opt/brave.com/brave/brave" subj=unconfined
type=CWD msg=audit(1733941801.441:78816): cwd="/home/alice"
type=PATH msg=audit(1733941801.441:78816): item=0 name="/home/alice/.config/BraveSoftware/Brave-Browser/Default/" inode=3097473 dev=08:01 mode=040700 ouid=1003 ogid=1004 rdev=00:00 nametype=PARENT cap_fp=0 cap_fi=0 cap_fe=0 cap_fver=0 cap_frootid=0
type=PATH msg=audit(1733941801.441:78816): item=1 name="/home/alice/.config/BraveSoftware/Brave-Browser/Default/CdmStorage.db-journal" inode=3113648 dev=08:01 mode=0100600 ouid=1003 ogid=1004 rdev=00:00 nametype=DELETE cap_fp=0 cap_fi=0 cap_fe=0 cap_fver=0 cap_frootid=0
type=PROCTITLE msg=audit(1733941801.441:78816): proctitle="/opt/brave.com/brave/brave"
type=SYSCALL msg=audit(1733941801.441:78817): arch=c000003e syscall=87 success=no exit=-2 a0=27dc01ae36c0 a1=27dc01ae36c0 a2=1 a3=7ffe271f7090 items=1 ppid=14442 pid=14448 auid=1003 uid=1003 gid=1004 euid=1003 suid=1003 fsuid=1003 egid=1004 sgid=1004 fsgid=1004 tty=pts0 ses=16 comm="ThreadPoolForeg" exe="/opt/brave.com/brave/brave" subj=unconfined
type=CWD msg=audit(1733941801.441:78817): cwd="/home/alice"
type=PATH msg=audit(1733941801.441:78817): item=0 name="/home/alice/.config/BraveSoftware/Brave-Browser/Default/" inode=3097473 dev=08:01 mode=040700 ouid=1003 ogid=1004 rdev=00:00 nametype=PARENT cap_fp=0 cap_fi=0 cap_fe=0 cap_fver=0 cap_frootid=0
type=PROCTITLE msg=audit(1733941801.441:78817): proctitle="/opt/brave.com/brave/brave"
type=SYSCALL msg=audit(1733941801.441:78818): arch=c000003e syscall=87 success=yes exit=0 a0=27dc009313b0 a1=27dc009313b0 a2=1 a3=7ffe271f7090 items=2 ppid=14442 pid=14448 auid=1003 uid=1003 gid=1004 euid=1003 suid=1003 fsuid=1003 egid=1004 sgid=1004 fsgid=1004 tty=pts0 ses=16 comm="ThreadPoolForeg" exe="/opt/brave.com/brave/brave" subj=unconfined
type=CWD msg=audit(1733941801.441:78818): cwd="/home/alice"
type=PATH msg=audit(1733941801.441:78818): item=0 name="/home/alice/.config/BraveSoftware/Brave-Browser/Default/" inode=3097473 dev=08:01 mode=040700 ouid=1003 ogid=1004 rdev=00:00 nametype=PARENT cap_fp=0 cap_fi=0 cap_fe=0 cap_fver=0 cap_frootid=0
type=PATH msg=audit(1733941801.441:78818): item=1 name="/home/alice/.config/BraveSoftware/Brave-Browser/Default/CdmStorage.db" inode=3101417 dev=08:01 mode=0100600 ouid=1003 ogid=1004 rdev=00:00 nametype=DELETE cap_fp=0 cap_fi=0 cap_fe=0 cap_fver=0 cap_frootid=0
type=PROCTITLE msg=audit(1733941801.441:78818): proctitle="/opt/brave.com/brave/brave"
type=USER_ACCT msg=audit(1733941801.753:78819): pid=18205 uid=0 auid=4294967295 ses=4294967295 subj=unconfined msg='op=PAM:accounting grantors=pam_permit acct="root" exe="/usr/sbin/cron" hostname=? addr=? terminal=cron res=success'
type=CRED_ACQ msg=audit(1733941801.753:78820): pid=18205 uid=0 auid=4294967295 ses=4294967295 subj=unconfined msg='op=PAM:setcred grantors=pam_permit,pam_cap acct="root" exe="/usr/sbin/cron" hostname=? addr=? terminal=cron res=success'
type=LOGIN msg=audit(1733941801.753:78821): pid=18205 uid=0 subj=unconfined old-auid=4294967295 auid=0 tty=(none) old-ses=4294967295 ses=23 res=1
type=SYSCALL msg=audit(1733941801.753:78821): arch=c000003e syscall=1 success=yes exit=1 a0=7 a1=7ffeffe92180 a2=1 a3=7fc790ed5371 items=0 ppid=1181 pid=18205 auid=0 uid=0 gid=0 euid=0 suid=0 fsuid=0 egid=0 sgid=0 fsgid=0 tty=(none) ses=23 comm="cron" exe="/usr/sbin/cron" subj=unconfined
type=PROCTITLE msg=audit(1733941801.753:78821): proctitle=2F7573722F7362696E2F43524F4E002D66
type=USER_START msg=audit(1733941801.753:78822): pid=18205 uid=0 auid=0 ses=23 subj=unconfined msg='op=PAM:session_open grantors=pam_loginuid,pam_env,pam_env,pam_permit,pam_umask,pam_unix,pam_limits acct="root" exe="/usr/sbin/cron" hostname=? addr=? terminal=cron res=success'
type=SYSCALL msg=audit(1733941801.753:78823): arch=c000003e syscall=59 success=yes exit=0 a0=556dab2bf2e6 a1=7ffeffe92200 a2=556dab2cc4c0 a3=7ffeffe92200 items=2 ppid=18205 pid=18206 auid=0 uid=0 gid=0 euid=0 suid=0 fsuid=0 egid=0 sgid=0 fsgid=0 tty=(none) ses=23 comm="sh" exe="/usr/bin/dash" subj=unconfined
type=EXECVE msg=audit(1733941801.753:78823): argc=3 a0="/bin/sh" a1="-c" a2=5B202D78202F6574632F696E69742E642F616E6163726F6E205D202626206966205B2021202D64202F72756E2F73797374656D642F73797374656D205D3B207468656E202F7573722F7362696E2F696E766F6B652D72632E6420616E6163726F6E207374617274203E2F6465762F6E756C6C3B206669
type=CWD msg=audit(1733941801.753:78823): cwd="/root"
type=PATH msg=audit(1733941801.753:78823): item=0 name="/bin/sh" inode=1616 dev=08:01 mode=0100755 ouid=0 ogid=0 rdev=00:00 nametype=NORMAL cap_fp=0 cap_fi=0 cap_fe=0 cap_fver=0 cap_frootid=0
type=PATH msg=audit(1733941801.753:78823): item=1 name="/lib64/ld-linux-x86-64.so.2" inode=4742 dev=08:01 mode=0100755 ouid=0 ogid=0 rdev=00:00 nametype=NORMAL cap_fp=0 cap_fi=0 cap_fe=0 cap_fver=0 cap_frootid=0
type=PROCTITLE msg=audit(1733941801.753:78823): proctitle=2F62696E2F7368002D63005B202D78202F6574632F696E69742E642F616E6163726F6E205D202626206966205B2021202D64202F72756E2F73797374656D642F73797374656D205D3B207468656E202F7573722F7362696E2F696E766F6B652D72632E6420616E6163726F6E207374617274203E2F6465762F6E756C6C3B2066
type=CRED_DISP msg=audit(1733941801.757:78824): pid=18205 uid=0 auid=0 ses=23 subj=unconfined msg='op=PAM:setcred grantors=pam_permit acct="root" exe="/usr/sbin/cron" hostname=? addr=? terminal=cron res=success'
type=USER_END msg=audit(1733941801.757:78825): pid=18205 uid=0 auid=0 ses=23 subj=unconfined msg='op=PAM:session_close grantors=pam_loginuid,pam_env,pam_env,pam_permit,pam_umask,pam_unix,pam_limits acct="root" exe="/usr/sbin/cron" hostname=? addr=? terminal=cron res=success'
type=SYSCALL msg=audit(1733941803.273:78826): arch=c000003e syscall=87 success=yes exit=0 a0=27dc0aadf1c0 a1=55e7475e98d1 a2=4f30fd9bb6575acd a3=0 items=2 ppid=14442 pid=14448 auid=1003 uid=1003 gid=1004 euid=1003 suid=1003 fsuid=1003 egid=1004 sgid=1004 fsgid=1004 tty=pts0 ses=16 comm="Chrome_IOThread" exe="/opt/brave.com/brave/brave" subj=unconfined
type=CWD msg=audit(1733941803.273:78826): cwd="/home/alice"
type=PATH msg=audit(1733941803.273:78826): item=0 name="/dev/shm/" inode=1 dev=00:18 mode=041777 ouid=0 ogid=0 rdev=00:00 nametype=PARENT cap_fp=0 cap_fi=0 cap_fe=0 cap_fver=0 cap_frootid=0
type=PATH msg=audit(1733941803.273:78826): item=1 name="/dev/shm/.org.chromium.Chromium.C6QOUG" inode=15881 dev=00:18 mode=0100600 ouid=1003 ogid=1004 rdev=00:00 nametype=DELETE cap_fp=0 cap_fi=0 cap_fe=0 cap_fver=0 cap_frootid=0
type=PROCTITLE msg=audit(1733941803.273:78826): proctitle="/opt/brave.com/brave/brave"
type=SYSCALL msg=audit(1733941803.821:78827): arch=c000003e syscall=87 success=yes exit=0 a0=27dc0237c2a0 a1=27dc0237c2a0 a2=1 a3=7ffe271f7090 items=2 ppid=14442 pid=14448 auid=1003 uid=1003 gid=1004 euid=1003 suid=1003 fsuid=1003 egid=1004 sgid=1004 fsgid=1004 tty=pts0 ses=16 comm="ThreadPoolForeg" exe="/opt/brave.com/brave/brave" subj=unconfined
type=CWD msg=audit(1733941803.821:78827): cwd="/home/alice"
type=PATH msg=audit(1733941803.821:78827): item=0 name="/home/alice/.config/BraveSoftware/Brave-Browser/Default/" inode=3097473 dev=08:01 mode=040700 ouid=1003 ogid=1004 rdev=00:00 nametype=PARENT cap_fp=0 cap_fi=0 cap_fe=0 cap_fver=0 cap_frootid=0
type=PATH msg=audit(1733941803.821:78827): item=1 name="/home/alice/.config/BraveSoftware/Brave-Browser/Default/CdmStorage.db-journal" inode=3113648 dev=08:01 mode=0100600 ouid=1003 ogid=1004 rdev=00:00 nametype=DELETE cap_fp=0 cap_fi=0 cap_fe=0 cap_fver=0 cap_frootid=0
type=PROCTITLE msg=audit(1733941803.821:78827): proctitle="/opt/brave.com/brave/brave"
type=SYSCALL msg=audit(1733941803.821:78828): arch=c000003e syscall=87 success=no exit=-2 a0=27dc0dada640 a1=27dc0dada640 a2=1 a3=7ffe271f7090 items=1 ppid=14442 pid=14448 auid=1003 uid=1003 gid=1004 euid=1003 suid=1003 fsuid=1003 egid=1004 sgid=1004 fsgid=1004 tty=pts0 ses=16 comm="ThreadPoolForeg" exe="/opt/brave.com/brave/brave" subj=unconfined
type=CWD msg=audit(1733941803.821:78828): cwd="/home/alice"
type=PATH msg=audit(1733941803.821:78828): item=0 name="/home/alice/.config/BraveSoftware/Brave-Browser/Default/" inode=3097473 dev=08:01 mode=040700 ouid=1003 ogid=1004 rdev=00:00 nametype=PARENT cap_fp=0 cap_fi=0 cap_fe=0 cap_fver=0 cap_frootid=0
type=PROCTITLE msg=audit(1733941803.821:78828): proctitle="/opt/brave.com/brave/brave"
type=SYSCALL msg=audit(1733941803.821:78829): arch=c000003e syscall=87 success=yes exit=0 a0=27dc0b04bc50 a1=27dc0b04bc50 a2=1 a3=7ffe271f7090 items=2 ppid=14442 pid=14448 auid=1003 uid=1003 gid=1004 euid=1003 suid=1003 fsuid=1003 egid=1004 sgid=1004 fsgid=1004 tty=pts0 ses=16 comm="ThreadPoolForeg" exe="/opt/brave.com/brave/brave" subj=unconfined
type=CWD msg=audit(1733941803.821:78829): cwd="/home/alice"
type=PATH msg=audit(1733941803.821:78829): item=0 name="/home/alice/.config/BraveSoftware/Brave-Browser/Default/" inode=3097473 dev=08:01 mode=040700 ouid=1003 ogid=1004 rdev=00:00 nametype=PARENT cap_fp=0 cap_fi=0 cap_fe=0 cap_fver=0 cap_frootid=0
type=PATH msg=audit(1733941803.821:78829): item=1 name="/home/alice/.config/BraveSoftware/Brave-Browser/Default/CdmStorage.db" inode=3101417 dev=08:01 mode=0100600 ouid=1003 ogid=1004 rdev=00:00 nametype=DELETE cap_fp=0 cap_fi=0 cap_fe=0 cap_fver=0 cap_frootid=0
type=PROCTITLE msg=audit(1733941803.821:78829): proctitle="/opt/brave.com/brave/brave"
type=SYSCALL msg=audit(1733941805.233:78830): arch=c000003e syscall=87 success=yes exit=0 a0=2204002176c0 a1=56376d5898d1 a2=3b47633b5d865f65 a3=0 items=2 ppid=14448 pid=14486 auid=1003 uid=1003 gid=1004 euid=1003 suid=1003 fsuid=1003 egid=1004 sgid=1004 fsgid=1004 tty=pts0 ses=16 comm="Chrome_ChildIOT" exe="/opt/brave.com/brave/brave" subj=unconfined
type=CWD msg=audit(1733941805.233:78830): cwd="/home/alice"
type=PATH msg=audit(1733941805.233:78830): item=0 name="/dev/shm/" inode=1 dev=00:18 mode=041777 ouid=0 ogid=0 rdev=00:00 nametype=PARENT cap_fp=0 cap_fi=0 cap_fe=0 cap_fver=0 cap_frootid=0
type=PATH msg=audit(1733941805.233:78830): item=1 name="/dev/shm/.org.chromium.Chromium.1KBzMy" inode=15882 dev=00:18 mode=0100600 ouid=1003 ogid=1004 rdev=00:00 nametype=DELETE cap_fp=0 cap_fi=0 cap_fe=0 cap_fver=0 cap_frootid=0
type=PROCTITLE msg=audit(1733941805.233:78830): proctitle=2F6F70742F62726176652E636F6D2F62726176652F6272617665202D2D747970653D7574696C697479202D2D7574696C6974792D7375622D747970653D6E6574776F726B2E6D6F6A6F6D2E4E6574776F726B53657276696365202D2D6C616E673D656E2D5553202D2D736572766963652D73616E64626F782D747970653D6E6F
type=SYSCALL msg=audit(1733941809.754:78831): arch=c000003e syscall=59 success=yes exit=0 a0=55ca4aa112a0 a1=55ca4a9a0310 a2=55ca4aa05320 a3=8 items=2 ppid=8368 pid=18207 auid=1003 uid=1003 gid=1004 euid=0 suid=0 fsuid=0 egid=1004 sgid=1004 fsgid=1004 tty=pts0 ses=16 comm="sudo" exe="/usr/bin/sudo" subj=unconfined
type=EXECVE msg=audit(1733941809.754:78831): argc=5 a0="sudo" a1="sed" a2="-i" a3="s/env_reset.*$/env_reset,timestamp_timeout=-1/" a4="/etc/sudoers"
type=CWD msg=audit(1733941809.754:78831): cwd="/home/alice"
type=PATH msg=audit(1733941809.754:78831): item=0 name="/usr/bin/sudo" inode=2028 dev=08:01 mode=0104755 ouid=0 ogid=0 rdev=00:00 nametype=NORMAL cap_fp=0 cap_fi=0 cap_fe=0 cap_fver=0 cap_frootid=0
type=PATH msg=audit(1733941809.754:78831): item=1 name="/lib64/ld-linux-x86-64.so.2" inode=4742 dev=08:01 mode=0100755 ouid=0 ogid=0 rdev=00:00 nametype=NORMAL cap_fp=0 cap_fi=0 cap_fe=0 cap_fver=0 cap_frootid=0
type=PROCTITLE msg=audit(1733941809.754:78831): proctitle=7375646F00736564002D6900732F656E765F72657365742E2A242F656E765F72657365742C74696D657374616D705F74696D656F75743D2D312F002F6574632F7375646F657273
type=SYSCALL msg=audit(1733941809.758:78832): arch=c000003e syscall=42 success=yes exit=0 a0=4 a1=7f6b213bd7f4 a2=10 a3=7ffea0662824 items=0 ppid=8368 pid=18207 auid=1003 uid=0 gid=1004 euid=0 suid=0 fsuid=0 egid=0 sgid=1004 fsgid=0 tty=pts0 ses=16 comm="sudo" exe="/usr/bin/sudo" subj=unconfined
type=SOCKADDR msg=audit(1733941809.758:78832): saddr=020000357F000035B0E6D802AD550000
type=PROCTITLE msg=audit(1733941809.758:78832): proctitle=7375646F00736564002D6900732F656E765F72657365742E2A242F656E765F72657365742C74696D657374616D705F74696D656F75743D2D312F002F6574632F7375646F657273
type=SYSCALL msg=audit(1733941809.758:78833): arch=c000003e syscall=42 success=yes exit=0 a0=f a1=7ffe59cdef30 a2=10 a3=7ffe59cdef2c items=0 ppid=1 pid=530 auid=4294967295 uid=101 gid=103 euid=101 suid=101 fsuid=101 egid=103 sgid=103 fsgid=103 tty=(none) ses=4294967295 comm="systemd-resolve" exe="/usr/lib/systemd/systemd-resolved" subj=unconfined
type=SOCKADDR msg=audit(1733941809.758:78833): saddr=02000035A9FEA9FE0000000000000000
type=PROCTITLE msg=audit(1733941809.758:78833): proctitle="/lib/systemd/systemd-resolved"
type=SYSCALL msg=audit(1733941809.758:78834): arch=c000003e syscall=42 success=yes exit=0 a0=10 a1=7ffe59cdef30 a2=10 a3=7ffe59cdef2c items=0 ppid=1 pid=530 auid=4294967295 uid=101 gid=103 euid=101 suid=101 fsuid=101 egid=103 sgid=103 fsgid=103 tty=(none) ses=4294967295 comm="systemd-resolve" exe="/usr/lib/systemd/systemd-resolved" subj=unconfined
type=SOCKADDR msg=audit(1733941809.758:78834): saddr=02000035A9FEA9FE0000000000000000
type=PROCTITLE msg=audit(1733941809.758:78834): proctitle="/lib/systemd/systemd-resolved"
type=USER_ACCT msg=audit(1733941809.766:78835): pid=18207 uid=1003 auid=1003 ses=16 subj=unconfined msg='op=PAM:accounting grantors=pam_permit acct="alice" exe="/usr/bin/sudo" hostname=? addr=? terminal=/dev/pts/0 res=success'
type=USER_CMD msg=audit(1733941809.766:78836): pid=18207 uid=1003 auid=1003 ses=16 subj=unconfined msg='cwd="/home/alice" cmd=736564202D6920732F656E765F72657365742E2A242F656E765F72657365742C74696D657374616D705F74696D656F75743D2D312F202F6574632F7375646F657273 terminal=pts/0 res=success'
type=CRED_REFR msg=audit(1733941809.766:78837): pid=18207 uid=0 auid=1003 ses=16 subj=unconfined msg='op=PAM:setcred grantors=pam_permit,pam_cap acct="root" exe="/usr/bin/sudo" hostname=? addr=? terminal=/dev/pts/0 res=success'
type=USER_START msg=audit(1733941809.766:78838): pid=18207 uid=0 auid=1003 ses=16 subj=unconfined msg='op=PAM:session_open grantors=pam_env,pam_env,pam_permit,pam_umask,pam_unix acct="root" exe="/usr/bin/sudo" hostname=? addr=? terminal=/dev/pts/0 res=success'
type=SYSCALL msg=audit(1733941809.766:78839): arch=c000003e syscall=59 success=yes exit=0 a0=55ad02d8dc28 a1=55ad02d8eee8 a2=55ad02d865a0 a3=0 items=2 ppid=18207 pid=18208 auid=1003 uid=0 gid=0 euid=0 suid=0 fsuid=0 egid=0 sgid=0 fsgid=0 tty=pts0 ses=16 comm="sed" exe="/usr/bin/sed" subj=unconfined
type=EXECVE msg=audit(1733941809.766:78839): argc=4 a0="sed" a1="-i" a2="s/env_reset.*$/env_reset,timestamp_timeout=-1/" a3="/etc/sudoers"
type=CWD msg=audit(1733941809.766:78839): cwd="/home/alice"
type=PATH msg=audit(1733941809.766:78839): item=0 name="/usr/bin/sed" inode=1699 dev=08:01 mode=0100755 ouid=0 ogid=0 rdev=00:00 nametype=NORMAL cap_fp=0 cap_fi=0 cap_fe=0 cap_fver=0 cap_frootid=0
type=PATH msg=audit(1733941809.766:78839): item=1 name="/lib64/ld-linux-x86-64.so.2" inode=4742 dev=08:01 mode=0100755 ouid=0 ogid=0 rdev=00:00 nametype=NORMAL cap_fp=0 cap_fi=0 cap_fe=0 cap_fver=0 cap_frootid=0
type=PROCTITLE msg=audit(1733941809.766:78839): proctitle=736564002D6900732F656E765F72657365742E2A242F656E765F72657365742C74696D657374616D705F74696D656F75743D2D312F002F6574632F7375646F657273
type=SYSCALL msg=audit(1733941809.770:78840): arch=c000003e syscall=93 success=yes exit=0 a0=4 a1=0 a2=0 a3=a3eda000 items=1 ppid=18207 pid=18208 auid=1003 uid=0 gid=0 euid=0 suid=0 fsuid=0 egid=0 sgid=0 fsgid=0 tty=pts0 ses=16 comm="sed" exe="/usr/bin/sed" subj=unconfined
type=CWD msg=audit(1733941809.770:78840): cwd="/home/alice"
type=PATH msg=audit(1733941809.770:78840): item=0 name=(null) inode=5947 dev=08:01 mode=0100000 ouid=0 ogid=0 rdev=00:00 nametype=NORMAL cap_fp=0 cap_fi=0 cap_fe=0 cap_fver=0 cap_frootid=0
type=PROCTITLE msg=audit(1733941809.770:78840): proctitle=736564002D6900732F656E765F72657365742E2A242F656E765F72657365742C74696D657374616D705F74696D656F75743D2D312F002F6574632F7375646F657273
type=SYSCALL msg=audit(1733941809.770:78841): arch=c000003e syscall=190 success=yes exit=0 a0=4 a1=7f12a3f120b3 a2=55f8ce3a9ef0 a3=1c items=1 ppid=18207 pid=18208 auid=1003 uid=0 gid=0 euid=0 suid=0 fsuid=0 egid=0 sgid=0 fsgid=0 tty=pts0 ses=16 comm="sed" exe="/usr/bin/sed" subj=unconfined
type=CWD msg=audit(1733941809.770:78841): cwd="/home/alice"
type=PATH msg=audit(1733941809.770:78841): item=0 name=(null) inode=5947 dev=08:01 mode=0100000 ouid=0 ogid=0 rdev=00:00 nametype=NORMAL cap_fp=0 cap_fi=0 cap_fe=0 cap_fver=0 cap_frootid=0
type=PROCTITLE msg=audit(1733941809.770:78841): proctitle=736564002D6900732F656E765F72657365742E2A242F656E765F72657365742C74696D657374616D705F74696D656F75743D2D312F002F6574632F7375646F657273
type=SYSCALL msg=audit(1733941809.770:78842): arch=c000003e syscall=82 success=yes exit=0 a0=55f8ce39acd0 a1=7ffeab3f88c4 a2=55f8ce39acd0 a3=1c items=5 ppid=18207 pid=18208 auid=1003 uid=0 gid=0 euid=0 suid=0 fsuid=0 egid=0 sgid=0 fsgid=0 tty=pts0 ses=16 comm="sed" exe="/usr/bin/sed" subj=unconfined
type=CWD msg=audit(1733941809.770:78842): cwd="/home/alice"
type=PATH msg=audit(1733941809.770:78842): item=0 name="/etc/" inode=43 dev=08:01 mode=040755 ouid=0 ogid=0 rdev=00:00 nametype=PARENT cap_fp=0 cap_fi=0 cap_fe=0 cap_fver=0 cap_frootid=0
type=PATH msg=audit(1733941809.770:78842): item=1 name="/etc/" inode=43 dev=08:01 mode=040755 ouid=0 ogid=0 rdev=00:00 nametype=PARENT cap_fp=0 cap_fi=0 cap_fe=0 cap_fver=0 cap_frootid=0
type=PATH msg=audit(1733941809.770:78842): item=2 name="/etc/sedjhiTJ1" inode=5947 dev=08:01 mode=0100440 ouid=0 ogid=0 rdev=00:00 nametype=DELETE cap_fp=0 cap_fi=0 cap_fe=0 cap_fver=0 cap_frootid=0
type=PATH msg=audit(1733941809.770:78842): item=3 name="/etc/sudoers" inode=5884 dev=08:01 mode=0100440 ouid=0 ogid=0 rdev=00:00 nametype=DELETE cap_fp=0 cap_fi=0 cap_fe=0 cap_fver=0 cap_frootid=0
type=PATH msg=audit(1733941809.770:78842): item=4 name="/etc/sudoers" inode=5947 dev=08:01 mode=0100440 ouid=0 ogid=0 rdev=00:00 nametype=CREATE cap_fp=0 cap_fi=0 cap_fe=0 cap_fver=0 cap_frootid=0
type=PROCTITLE msg=audit(1733941809.770:78842): proctitle=736564002D6900732F656E765F72657365742E2A242F656E765F72657365742C74696D657374616D705F74696D656F75743D2D312F002F6574632F7375646F657273
type=USER_END msg=audit(1733941809.770:78843): pid=18207 uid=0 auid=1003 ses=16 subj=unconfined msg='op=PAM:session_close grantors=pam_env,pam_env,pam_permit,pam_umask,pam_unix acct="root" exe="/usr/bin/sudo" hostname=? addr=? terminal=/dev/pts/0 res=success'
type=CRED_DISP msg=audit(1733941809.770:78844): pid=18207 uid=0 auid=1003 ses=16 subj=unconfined msg='op=PAM:setcred grantors=pam_permit acct="root" exe="/usr/bin/sudo" hostname=? addr=? terminal=/dev/pts/0 res=success'
type=SYSCALL msg=audit(1733941815.358:78845): arch=c000003e syscall=82 success=yes exit=0 a0=27dc0e296bc0 a1=27dc0092b480 a2=0 a3=7ffe271f7090 items=5 ppid=14442 pid=14448 auid=1003 uid=1003 gid=1004 euid=1003 suid=1003 fsuid=1003 egid=1004 sgid=1004 fsgid=1004 tty=pts0 ses=16 comm="ThreadPoolForeg" exe="/opt/brave.com/brave/brave" subj=unconfined
type=CWD msg=audit(1733941815.358:78845): cwd="/home/alice"
type=PATH msg=audit(1733941815.358:78845): item=0 name="/home/alice/.config/BraveSoftware/Brave-Browser/" inode=3097450 dev=08:01 mode=040700 ouid=1003 ogid=1004 rdev=00:00 nametype=PARENT cap_fp=0 cap_fi=0 cap_fe=0 cap_fver=0 cap_frootid=0
type=PATH msg=audit(1733941815.358:78845): item=1 name="/home/alice/.config/BraveSoftware/Brave-Browser/" inode=3097450 dev=08:01 mode=040700 ouid=1003 ogid=1004 rdev=00:00 nametype=PARENT cap_fp=0 cap_fi=0 cap_fe=0 cap_fver=0 cap_frootid=0
type=PATH msg=audit(1733941815.358:78845): item=2 name="/home/alice/.config/BraveSoftware/Brave-Browser/.org.chromium.Chromium.syZ14E" inode=3101417 dev=08:01 mode=0100600 ouid=1003 ogid=1004 rdev=00:00 nametype=DELETE cap_fp=0 cap_fi=0 cap_fe=0 cap_fver=0 cap_frootid=0
type=PATH msg=audit(1733941815.358:78845): item=3 name=2F686F6D652F616C6963652F2E636F6E6669672F4272617665536F6674776172652F42726176652D42726F777365722F4C6F63616C205374617465 inode=3097239 dev=08:01 mode=0100600 ouid=1003 ogid=1004 rdev=00:00 nametype=DELETE cap_fp=0 cap_fi=0 cap_fe=0 cap_fver=0 cap_frootid=0
type=PATH msg=audit(1733941815.358:78845): item=4 name=2F686F6D652F616C6963652F2E636F6E6669672F4272617665536F6674776172652F42726176652D42726F777365722F4C6F63616C205374617465 inode=3101417 dev=08:01 mode=0100600 ouid=1003 ogid=1004 rdev=00:00 nametype=CREATE cap_fp=0 cap_fi=0 cap_fe=0 cap_fver=0 cap_frootid=0
type=PROCTITLE msg=audit(1733941815.358:78845): proctitle="/opt/brave.com/brave/brave"
type=SYSCALL msg=audit(1733941818.274:78846): arch=c000003e syscall=87 success=yes exit=0 a0=27dc0b05c7c0 a1=55e7475e98d1 a2=989eb6e78a56f3ad a3=0 items=2 ppid=14442 pid=14448 auid=1003 uid=1003 gid=1004 euid=1003 suid=1003 fsuid=1003 egid=1004 sgid=1004 fsgid=1004 tty=pts0 ses=16 comm="Chrome_IOThread" exe="/opt/brave.com/brave/brave" subj=unconfined
type=CWD msg=audit(1733941818.274:78846): cwd="/home/alice"
type=PATH msg=audit(1733941818.274:78846): item=0 name="/dev/shm/" inode=1 dev=00:18 mode=041777 ouid=0 ogid=0 rdev=00:00 nametype=PARENT cap_fp=0 cap_fi=0 cap_fe=0 cap_fver=0 cap_frootid=0
type=PATH msg=audit(1733941818.274:78846): item=1 name="/dev/shm/.org.chromium.Chromium.DjWzGI" inode=15883 dev=00:18 mode=0100600 ouid=1003 ogid=1004 rdev=00:00 nametype=DELETE cap_fp=0 cap_fi=0 cap_fe=0 cap_fver=0 cap_frootid=0
type=PROCTITLE msg=audit(1733941818.274:78846): proctitle="/opt/brave.com/brave/brave"
type=SYSCALL msg=audit(1733941823.623:78847): arch=c000003e syscall=87 success=yes exit=0 a0=2204007e38c0 a1=56376d5898d1 a2=18ba3b4e76cc0401 a3=0 items=2 ppid=14448 pid=14486 auid=1003 uid=1003 gid=1004 euid=1003 suid=1003 fsuid=1003 egid=1004 sgid=1004 fsgid=1004 tty=pts0 ses=16 comm="Chrome_ChildIOT" exe="/opt/brave.com/brave/brave" subj=unconfined
type=CWD msg=audit(1733941823.623:78847): cwd="/home/alice"
type=PATH msg=audit(1733941823.623:78847): item=0 name="/dev/shm/" inode=1 dev=00:18 mode=041777 ouid=0 ogid=0 rdev=00:00 nametype=PARENT cap_fp=0 cap_fi=0 cap_fe=0 cap_fver=0 cap_frootid=0
type=PATH msg=audit(1733941823.623:78847): item=1 name="/dev/shm/.org.chromium.Chromium.Kf23Jz" inode=15884 dev=00:18 mode=0100600 ouid=1003 ogid=1004 rdev=00:00 nametype=DELETE cap_fp=0 cap_fi=0 cap_fe=0 cap_fver=0 cap_frootid=0
type=PROCTITLE msg=audit(1733941823.623:78847): proctitle=2F6F70742F62726176652E636F6D2F62726176652F6272617665202D2D747970653D7574696C697479202D2D7574696C6974792D7375622D747970653D6E6574776F726B2E6D6F6A6F6D2E4E6574776F726B53657276696365202D2D6C616E673D656E2D5553202D2D736572766963652D73616E64626F782D747970653D6E6F
type=SYSCALL msg=audit(1733941823.947:78848): arch=c000003e syscall=87 success=yes exit=0 a0=2204000eca00 a1=56376d5898d1 a2=329910026f5ec0d3 a3=0 items=2 ppid=14448 pid=14486 auid=1003 uid=1003 gid=1004 euid=1003 suid=1003 fsuid=1003 egid=1004 sgid=1004 fsgid=1004 tty=pts0 ses=16 comm="Chrome_ChildIOT" exe="/opt/brave.com/brave/brave" subj=unconfined
type=CWD msg=audit(1733941823.947:78848): cwd="/home/alice"
type=PATH msg=audit(1733941823.947:78848): item=0 name="/dev/shm/" inode=1 dev=00:18 mode=041777 ouid=0 ogid=0 rdev=00:00 nametype=PARENT cap_fp=0 cap_fi=0 cap_fe=0 cap_fver=0 cap_frootid=0
type=PATH msg=audit(1733941823.947:78848): item=1 name="/dev/shm/.org.chromium.Chromium.sjS0Oz" inode=15885 dev=00:18 mode=0100600 ouid=1003 ogid=1004 rdev=00:00 nametype=DELETE cap_fp=0 cap_fi=0 cap_fe=0 cap_fver=0 cap_frootid=0
type=PROCTITLE msg=audit(1733941823.947:78848): proctitle=2F6F70742F62726176652E636F6D2F62726176652F6272617665202D2D747970653D7574696C697479202D2D7574696C6974792D7375622D747970653D6E6574776F726B2E6D6F6A6F6D2E4E6574776F726B53657276696365202D2D6C616E673D656E2D5553202D2D736572766963652D73616E64626F782D747970653D6E6F
type=SYSCALL msg=audit(1733941830.268:78849): arch=c000003e syscall=87 success=yes exit=0 a0=2204007e0080 a1=56376d5898d1 a2=f2cedfe6da03b01f a3=0 items=2 ppid=14448 pid=14486 auid=1003 uid=1003 gid=1004 euid=1003 suid=1003 fsuid=1003 egid=1004 sgid=1004 fsgid=1004 tty=pts0 ses=16 comm="Chrome_ChildIOT" exe="/opt/brave.com/brave/brave" subj=unconfined
type=CWD msg=audit(1733941830.268:78849): cwd="/home/alice"
type=PATH msg=audit(1733941830.268:78849): item=0 name="/dev/shm/" inode=1 dev=00:18 mode=041777 ouid=0 ogid=0 rdev=00:00 nametype=PARENT cap_fp=0 cap_fi=0 cap_fe=0 cap_fver=0 cap_frootid=0
type=PATH msg=audit(1733941830.268:78849): item=1 name="/dev/shm/.org.chromium.Chromium.yBRdqA" inode=15886 dev=00:18 mode=0100600 ouid=1003 ogid=1004 rdev=00:00 nametype=DELETE cap_fp=0 cap_fi=0 cap_fe=0 cap_fver=0 cap_frootid=0
type=PROCTITLE msg=audit(1733941830.268:78849): proctitle=2F6F70742F62726176652E636F6D2F62726176652F6272617665202D2D747970653D7574696C697479202D2D7574696C6974792D7375622D747970653D6E6574776F726B2E6D6F6A6F6D2E4E6574776F726B53657276696365202D2D6C616E673D656E2D5553202D2D736572766963652D73616E64626F782D747970653D6E6F
type=SYSCALL msg=audit(1733941830.376:78850): arch=c000003e syscall=87 success=yes exit=0 a0=2204001d7380 a1=56376d5898d1 a2=d34b69bd935c7d42 a3=0 items=2 ppid=14448 pid=14486 auid=1003 uid=1003 gid=1004 euid=1003 suid=1003 fsuid=1003 egid=1004 sgid=1004 fsgid=1004 tty=pts0 ses=16 comm="Chrome_ChildIOT" exe="/opt/brave.com/brave/brave" subj=unconfined
type=CWD msg=audit(1733941830.376:78850): cwd="/home/alice"
type=PATH msg=audit(1733941830.376:78850): item=0 name="/dev/shm/" inode=1 dev=00:18 mode=041777 ouid=0 ogid=0 rdev=00:00 nametype=PARENT cap_fp=0 cap_fi=0 cap_fe=0 cap_fver=0 cap_frootid=0
type=PATH msg=audit(1733941830.376:78850): item=1 name="/dev/shm/.org.chromium.Chromium.KUNO9y" inode=15887 dev=00:18 mode=0100600 ouid=1003 ogid=1004 rdev=00:00 nametype=DELETE cap_fp=0 cap_fi=0 cap_fe=0 cap_fver=0 cap_frootid=0
type=PROCTITLE msg=audit(1733941830.376:78850): proctitle=2F6F70742F62726176652E636F6D2F62726176652F6272617665202D2D747970653D7574696C697479202D2D7574696C6974792D7375622D747970653D6E6574776F726B2E6D6F6A6F6D2E4E6574776F726B53657276696365202D2D6C616E673D656E2D5553202D2D736572766963652D73616E64626F782D747970653D6E6F
type=SYSCALL msg=audit(1733941831.760:78851): arch=c000003e syscall=42 success=yes exit=0 a0=4 a1=7fff6ad78150 a2=10 a3=7fff6ad7810c items=0 ppid=1 pid=705 auid=4294967295 uid=113 gid=120 euid=113 suid=113 fsuid=113 egid=120 sgid=120 fsgid=120 tty=(none) ses=4294967295 comm="chronyd" exe="/usr/sbin/chronyd" subj=/usr/sbin/chronyd
type=SOCKADDR msg=audit(1733941831.760:78851): saddr=0200007BA9FEA9FE0000000000000000
type=PROCTITLE msg=audit(1733941831.760:78851): proctitle=2F7573722F7362696E2F6368726F6E7964002D46002D31
type=SYSCALL msg=audit(1733941832.984:78852): arch=c000003e syscall=87 success=yes exit=0 a0=22040010d240 a1=56376d5898d1 a2=afaf415efbf05043 a3=0 items=2 ppid=14448 pid=14486 auid=1003 uid=1003 gid=1004 euid=1003 suid=1003 fsuid=1003 egid=1004 sgid=1004 fsgid=1004 tty=pts0 ses=16 comm="Chrome_ChildIOT" exe="/opt/brave.com/brave/brave" subj=unconfined
type=CWD msg=audit(1733941832.984:78852): cwd="/home/alice"
type=PATH msg=audit(1733941832.984:78852): item=0 name="/dev/shm/" inode=1 dev=00:18 mode=041777 ouid=0 ogid=0 rdev=00:00 nametype=PARENT cap_fp=0 cap_fi=0 cap_fe=0 cap_fver=0 cap_frootid=0
type=PATH msg=audit(1733941832.984:78852): item=1 name="/dev/shm/.org.chromium.Chromium.NiJfFx" inode=15888 dev=00:18 mode=0100600 ouid=1003 ogid=1004 rdev=00:00 nametype=DELETE cap_fp=0 cap_fi=0 cap_fe=0 cap_fver=0 cap_frootid=0
type=PROCTITLE msg=audit(1733941832.984:78852): proctitle=2F6F70742F62726176652E636F6D2F62726176652F6272617665202D2D747970653D7574696C697479202D2D7574696C6974792D7375622D747970653D6E6574776F726B2E6D6F6A6F6D2E4E6574776F726B53657276696365202D2D6C616E673D656E2D5553202D2D736572766963652D73616E64626F782D747970653D6E6F
type=SYSCALL msg=audit(1733941835.356:78853): arch=c000003e syscall=82 success=yes exit=0 a0=27dc019deca0 a1=27dc0e1357c0 a2=0 a3=7ffe271f7090 items=5 ppid=14442 pid=14448 auid=1003 uid=1003 gid=1004 euid=1003 suid=1003 fsuid=1003 egid=1004 sgid=1004 fsgid=1004 tty=pts0 ses=16 comm="ThreadPoolForeg" exe="/opt/brave.com/brave/brave" subj=unconfined
type=CWD msg=audit(1733941835.356:78853): cwd="/home/alice"
type=PATH msg=audit(1733941835.356:78853): item=0 name="/home/alice/.config/BraveSoftware/Brave-Browser/" inode=3097450 dev=08:01 mode=040700 ouid=1003 ogid=1004 rdev=00:00 nametype=PARENT cap_fp=0 cap_fi=0 cap_fe=0 cap_fver=0 cap_frootid=0
type=PATH msg=audit(1733941835.356:78853): item=1 name="/home/alice/.config/BraveSoftware/Brave-Browser/" inode=3097450 dev=08:01 mode=040700 ouid=1003 ogid=1004 rdev=00:00 nametype=PARENT cap_fp=0 cap_fi=0 cap_fe=0 cap_fver=0 cap_frootid=0
type=PATH msg=audit(1733941835.356:78853): item=2 name="/home/alice/.config/BraveSoftware/Brave-Browser/.org.chromium.Chromium.9PjPgG" inode=3097239 dev=08:01 mode=0100600 ouid=1003 ogid=1004 rdev=00:00 nametype=DELETE cap_fp=0 cap_fi=0 cap_fe=0 cap_fver=0 cap_frootid=0
type=PATH msg=audit(1733941835.356:78853): item=3 name=2F686F6D652F616C6963652F2E636F6E6669672F4272617665536F6674776172652F42726176652D42726F777365722F4C6F63616C205374617465 inode=3101417 dev=08:01 mode=0100600 ouid=1003 ogid=1004 rdev=00:00 nametype=DELETE cap_fp=0 cap_fi=0 cap_fe=0 cap_fver=0 cap_frootid=0
type=PATH msg=audit(1733941835.356:78853): item=4 name=2F686F6D652F616C6963652F2E636F6E6669672F4272617665536F6674776172652F42726176652D42726F777365722F4C6F63616C205374617465 inode=3097239 dev=08:01 mode=0100600 ouid=1003 ogid=1004 rdev=00:00 nametype=CREATE cap_fp=0 cap_fi=0 cap_fe=0 cap_fver=0 cap_frootid=0
type=PROCTITLE msg=audit(1733941835.356:78853): proctitle="/opt/brave.com/brave/brave"
type=SYSCALL msg=audit(1733941838.209:78854): arch=c000003e syscall=59 success=yes exit=0 a0=55ca4a9449e0 a1=55ca4aa09960 a2=55ca4aa05320 a3=8 items=2 ppid=8368 pid=18209 auid=1003 uid=1003 gid=1004 euid=0 suid=0 fsuid=0 egid=1004 sgid=1004 fsgid=1004 tty=pts0 ses=16 comm="sudo" exe="/usr/bin/sudo" subj=unconfined
type=EXECVE msg=audit(1733941838.209:78854): argc=5 a0="sudo" a1="visudo" a2="-c" a3="-f" a4="/etc/sudoers"
type=CWD msg=audit(1733941838.209:78854): cwd="/home/alice"
type=PATH msg=audit(1733941838.209:78854): item=0 name="/usr/bin/sudo" inode=2028 dev=08:01 mode=0104755 ouid=0 ogid=0 rdev=00:00 nametype=NORMAL cap_fp=0 cap_fi=0 cap_fe=0 cap_fver=0 cap_frootid=0
type=PATH msg=audit(1733941838.209:78854): item=1 name="/lib64/ld-linux-x86-64.so.2" inode=4742 dev=08:01 mode=0100755 ouid=0 ogid=0 rdev=00:00 nametype=NORMAL cap_fp=0 cap_fi=0 cap_fe=0 cap_fver=0 cap_frootid=0
type=PROCTITLE msg=audit(1733941838.209:78854): proctitle=7375646F0076697375646F002D63002D66002F6574632F7375646F657273
type=SYSCALL msg=audit(1733941838.213:78855): arch=c000003e syscall=42 success=yes exit=0 a0=4 a1=7fc3709a37f4 a2=10 a3=7ffec9192dc4 items=0 ppid=8368 pid=18209 auid=1003 uid=0 gid=1004 euid=0 suid=0 fsuid=0 egid=0 sgid=1004 fsgid=0 tty=pts0 ses=16 comm="sudo" exe="/usr/bin/sudo" subj=unconfined
type=SOCKADDR msg=audit(1733941838.213:78855): saddr=020000357F000035B056E3C7F0550000
type=PROCTITLE msg=audit(1733941838.213:78855): proctitle=7375646F0076697375646F002D63002D66002F6574632F7375646F657273
type=SYSCALL msg=audit(1733941838.213:78856): arch=c000003e syscall=42 success=yes exit=0 a0=f a1=7ffe59cdef30 a2=10 a3=7ffe59cdef2c items=0 ppid=1 pid=530 auid=4294967295 uid=101 gid=103 euid=101 suid=101 fsuid=101 egid=103 sgid=103 fsgid=103 tty=(none) ses=4294967295 comm="systemd-resolve" exe="/usr/lib/systemd/systemd-resolved" subj=unconfined
type=SOCKADDR msg=audit(1733941838.213:78856): saddr=02000035A9FEA9FE0000000000000000
type=PROCTITLE msg=audit(1733941838.213:78856): proctitle="/lib/systemd/systemd-resolved"
type=USER_ACCT msg=audit(1733941838.225:78857): pid=18209 uid=1003 auid=1003 ses=16 subj=unconfined msg='op=PAM:accounting grantors=pam_permit acct="alice" exe="/usr/bin/sudo" hostname=? addr=? terminal=/dev/pts/0 res=success'
type=USER_CMD msg=audit(1733941838.225:78858): pid=18209 uid=1003 auid=1003 ses=16 subj=unconfined msg='cwd="/home/alice" cmd=76697375646F202D63202D66202F6574632F7375646F657273 terminal=pts/0 res=success'
type=CRED_REFR msg=audit(1733941838.225:78859): pid=18209 uid=0 auid=1003 ses=16 subj=unconfined msg='op=PAM:setcred grantors=pam_permit,pam_cap acct="root" exe="/usr/bin/sudo" hostname=? addr=? terminal=/dev/pts/0 res=success'
type=USER_START msg=audit(1733941838.225:78860): pid=18209 uid=0 auid=1003 ses=16 subj=unconfined msg='op=PAM:session_open grantors=pam_env,pam_env,pam_permit,pam_umask,pam_unix acct="root" exe="/usr/bin/sudo" hostname=? addr=? terminal=/dev/pts/0 res=success'
type=SYSCALL msg=audit(1733941838.225:78861): arch=c000003e syscall=59 success=yes exit=0 a0=55f0c7e34b68 a1=55f0c7e35ee8 a2=55f0c7e2d5a0 a3=0 items=2 ppid=18209 pid=18210 auid=1003 uid=0 gid=0 euid=0 suid=0 fsuid=0 egid=0 sgid=0 fsgid=0 tty=pts0 ses=16 comm="visudo" exe="/usr/sbin/visudo" subj=unconfined
type=EXECVE msg=audit(1733941838.225:78861): argc=4 a0="visudo" a1="-c" a2="-f" a3="/etc/sudoers"
type=CWD msg=audit(1733941838.225:78861): cwd="/home/alice"
type=PATH msg=audit(1733941838.225:78861): item=0 name="/usr/sbin/visudo" inode=2714 dev=08:01 mode=0100755 ouid=0 ogid=0 rdev=00:00 nametype=NORMAL cap_fp=0 cap_fi=0 cap_fe=0 cap_fver=0 cap_frootid=0
type=PATH msg=audit(1733941838.225:78861): item=1 name="/lib64/ld-linux-x86-64.so.2" inode=4742 dev=08:01 mode=0100755 ouid=0 ogid=0 rdev=00:00 nametype=NORMAL cap_fp=0 cap_fi=0 cap_fe=0 cap_fver=0 cap_frootid=0
type=PROCTITLE msg=audit(1733941838.225:78861): proctitle=76697375646F002D63002D66002F6574632F7375646F657273
type=USER_END msg=audit(1733941838.229:78862): pid=18209 uid=0 auid=1003 ses=16 subj=unconfined msg='op=PAM:session_close grantors=pam_env,pam_env,pam_permit,pam_umask,pam_unix acct="root" exe="/usr/bin/sudo" hostname=? addr=? terminal=/dev/pts/0 res=success'
type=CRED_DISP msg=audit(1733941838.229:78863): pid=18209 uid=0 auid=1003 ses=16 subj=unconfined msg='op=PAM:setcred grantors=pam_permit acct="root" exe="/usr/bin/sudo" hostname=? addr=? terminal=/dev/pts/0 res=success'
type=SYSCALL msg=audit(1733941848.274:78864): arch=c000003e syscall=87 success=yes exit=0 a0=27dc0af53200 a1=55e7475e98d1 a2=c09b0e90d4907bb a3=0 items=2 ppid=14442 pid=14448 auid=1003 uid=1003 gid=1004 euid=1003 suid=1003 fsuid=1003 egid=1004 sgid=1004 fsgid=1004 tty=pts0 ses=16 comm="Chrome_IOThread" exe="/opt/brave.com/brave/brave" subj=unconfined
type=CWD msg=audit(1733941848.274:78864): cwd="/home/alice"
type=PATH msg=audit(1733941848.274:78864): item=0 name="/dev/shm/" inode=1 dev=00:18 mode=041777 ouid=0 ogid=0 rdev=00:00 nametype=PARENT cap_fp=0 cap_fi=0 cap_fe=0 cap_fver=0 cap_frootid=0
type=PATH msg=audit(1733941848.274:78864): item=1 name="/dev/shm/.org.chromium.Chromium.TbDalG" inode=15889 dev=00:18 mode=0100600 ouid=1003 ogid=1004 rdev=00:00 nametype=DELETE cap_fp=0 cap_fi=0 cap_fe=0 cap_fver=0 cap_frootid=0
type=PROCTITLE msg=audit(1733941848.274:78864): proctitle="/opt/brave.com/brave/brave"
type=SYSCALL msg=audit(1733941849.186:78865): arch=c000003e syscall=82 success=yes exit=0 a0=27dc091f7170 a1=27dc0e135ae0 a2=0 a3=7ffe271f7090 items=5 ppid=14442 pid=14448 auid=1003 uid=1003 gid=1004 euid=1003 suid=1003 fsuid=1003 egid=1004 sgid=1004 fsgid=1004 tty=pts0 ses=16 comm="ThreadPoolForeg" exe="/opt/brave.com/brave/brave" subj=unconfined
type=CWD msg=audit(1733941849.186:78865): cwd="/home/alice"
type=PATH msg=audit(1733941849.186:78865): item=0 name="/home/alice/.config/BraveSoftware/Brave-Browser/" inode=3097450 dev=08:01 mode=040700 ouid=1003 ogid=1004 rdev=00:00 nametype=PARENT cap_fp=0 cap_fi=0 cap_fe=0 cap_fver=0 cap_frootid=0
type=PATH msg=audit(1733941849.186:78865): item=1 name="/home/alice/.config/BraveSoftware/Brave-Browser/" inode=3097450 dev=08:01 mode=040700 ouid=1003 ogid=1004 rdev=00:00 nametype=PARENT cap_fp=0 cap_fi=0 cap_fe=0 cap_fver=0 cap_frootid=0
type=PATH msg=audit(1733941849.186:78865): item=2 name="/home/alice/.config/BraveSoftware/Brave-Browser/.org.chromium.Chromium.4E715H" inode=3101417 dev=08:01 mode=0100600 ouid=1003 ogid=1004 rdev=00:00 nametype=DELETE cap_fp=0 cap_fi=0 cap_fe=0 cap_fver=0 cap_frootid=0
type=PATH msg=audit(1733941849.186:78865): item=3 name=2F686F6D652F616C6963652F2E636F6E6669672F4272617665536F6674776172652F42726176652D42726F777365722F4C6F63616C205374617465 inode=3097239 dev=08:01 mode=0100600 ouid=1003 ogid=1004 rdev=00:00 nametype=DELETE cap_fp=0 cap_fi=0 cap_fe=0 cap_fver=0 cap_frootid=0
type=PATH msg=audit(1733941849.186:78865): item=4 name=2F686F6D652F616C6963652F2E636F6E6669672F4272617665536F6674776172652F42726176652D42726F777365722F4C6F63616C205374617465 inode=3101417 dev=08:01 mode=0100600 ouid=1003 ogid=1004 rdev=00:00 nametype=CREATE cap_fp=0 cap_fi=0 cap_fe=0 cap_fver=0 cap_frootid=0
type=PROCTITLE msg=audit(1733941849.186:78865): proctitle="/opt/brave.com/brave/brave"
type=SYSCALL msg=audit(1733941852.826:78866): arch=c000003e syscall=87 success=yes exit=0 a0=2204001d6980 a1=56376d5898d1 a2=e1147d9e006bdf97 a3=0 items=2 ppid=14448 pid=14486 auid=1003 uid=1003 gid=1004 euid=1003 suid=1003 fsuid=1003 egid=1004 sgid=1004 fsgid=1004 tty=pts0 ses=16 comm="Chrome_ChildIOT" exe="/opt/brave.com/brave/brave" subj=unconfined
type=CWD msg=audit(1733941852.826:78866): cwd="/home/alice"
type=PATH msg=audit(1733941852.826:78866): item=0 name="/dev/shm/" inode=1 dev=00:18 mode=041777 ouid=0 ogid=0 rdev=00:00 nametype=PARENT cap_fp=0 cap_fi=0 cap_fe=0 cap_fver=0 cap_frootid=0
type=PATH msg=audit(1733941852.826:78866): item=1 name="/dev/shm/.org.chromium.Chromium.wLXh0x" inode=15890 dev=00:18 mode=0100600 ouid=1003 ogid=1004 rdev=00:00 nametype=DELETE cap_fp=0 cap_fi=0 cap_fe=0 cap_fver=0 cap_frootid=0
type=PROCTITLE msg=audit(1733941852.826:78866): proctitle=2F6F70742F62726176652E636F6D2F62726176652F6272617665202D2D747970653D7574696C697479202D2D7574696C6974792D7375622D747970653D6E6574776F726B2E6D6F6A6F6D2E4E6574776F726B53657276696365202D2D6C616E673D656E2D5553202D2D736572766963652D73616E64626F782D747970653D6E6F
type=SYSCALL msg=audit(1733941852.830:78867): arch=c000003e syscall=42 success=yes exit=0 a0=18 a1=7fde5ca42090 a2=10 a3=56376d4945e8 items=0 ppid=14448 pid=14486 auid=1003 uid=1003 gid=1004 euid=1003 suid=1003 fsuid=1003 egid=1004 sgid=1004 fsgid=1004 tty=pts0 ses=16 comm="Chrome_ChildIOT" exe="/opt/brave.com/brave/brave" subj=unconfined
type=SOCKADDR msg=audit(1733941852.830:78867): saddr=020000357F0000350000000000000000
type=PROCTITLE msg=audit(1733941852.830:78867): proctitle=2F6F70742F62726176652E636F6D2F62726176652F6272617665202D2D747970653D7574696C697479202D2D7574696C6974792D7375622D747970653D6E6574776F726B2E6D6F6A6F6D2E4E6574776F726B53657276696365202D2D6C616E673D656E2D5553202D2D736572766963652D73616E64626F782D747970653D6E6F
type=SYSCALL msg=audit(1733941852.830:78868): arch=c000003e syscall=42 success=yes exit=0 a0=1a a1=7fde5ca41fb0 a2=10 a3=56376d4945e8 items=0 ppid=14448 pid=14486 auid=1003 uid=1003 gid=1004 euid=1003 suid=1003 fsuid=1003 egid=1004 sgid=1004 fsgid=1004 tty=pts0 ses=16 comm="Chrome_ChildIOT" exe="/opt/brave.com/brave/brave" subj=unconfined
type=SOCKADDR msg=audit(1733941852.830:78868): saddr=020000357F0000350000000000000000
type=PROCTITLE msg=audit(1733941852.830:78868): proctitle=2F6F70742F62726176652E636F6D2F62726176652F6272617665202D2D747970653D7574696C697479202D2D7574696C6974792D7375622D747970653D6E6574776F726B2E6D6F6A6F6D2E4E6574776F726B53657276696365202D2D6C616E673D656E2D5553202D2D736572766963652D73616E64626F782D747970653D6E6F
type=SYSCALL msg=audit(1733941852.830:78869): arch=c000003e syscall=42 success=yes exit=0 a0=f a1=7ffe59cdef30 a2=10 a3=7ffe59cdef2c items=0 ppid=1 pid=530 auid=4294967295 uid=101 gid=103 euid=101 suid=101 fsuid=101 egid=103 sgid=103 fsgid=103 tty=(none) ses=4294967295 comm="systemd-resolve" exe="/usr/lib/systemd/systemd-resolved" subj=unconfined
type=SOCKADDR msg=audit(1733941852.830:78869): saddr=02000035A9FEA9FE0000000000000000
type=PROCTITLE msg=audit(1733941852.830:78869): proctitle="/lib/systemd/systemd-resolved"
type=SYSCALL msg=audit(1733941852.830:78870): arch=c000003e syscall=42 success=yes exit=0 a0=10 a1=7ffe59cdef30 a2=10 a3=7ffe59cdef2c items=0 ppid=1 pid=530 auid=4294967295 uid=101 gid=103 euid=101 suid=101 fsuid=101 egid=103 sgid=103 fsgid=103 tty=(none) ses=4294967295 comm="systemd-resolve" exe="/usr/lib/systemd/systemd-resolved" subj=unconfined
type=SOCKADDR msg=audit(1733941852.830:78870): saddr=02000035A9FEA9FE0000000000000000
type=PROCTITLE msg=audit(1733941852.830:78870): proctitle="/lib/systemd/systemd-resolved"
type=SYSCALL msg=audit(1733941852.862:78871): arch=c000003e syscall=42 success=yes exit=0 a0=10 a1=7ffe59cdec20 a2=10 a3=7ffe59cdec1c items=0 ppid=1 pid=530 auid=4294967295 uid=101 gid=103 euid=101 suid=101 fsuid=101 egid=103 sgid=103 fsgid=103 tty=(none) ses=4294967295 comm="systemd-resolve" exe="/usr/lib/systemd/systemd-resolved" subj=unconfined
type=SOCKADDR msg=audit(1733941852.862:78871): saddr=02000035A9FEA9FE0000000000000000
type=PROCTITLE msg=audit(1733941852.862:78871): proctitle="/lib/systemd/systemd-resolved"
type=SYSCALL msg=audit(1733941858.619:78872): arch=c000003e syscall=59 success=yes exit=0 a0=55ca4aa08070 a1=55ca4aa11a90 a2=55ca4aa05320 a3=8 items=2 ppid=8368 pid=18211 auid=1003 uid=1003 gid=1004 euid=0 suid=0 fsuid=0 egid=1004 sgid=1004 fsgid=1004 tty=pts0 ses=16 comm="sudo" exe="/usr/bin/sudo" subj=unconfined
type=EXECVE msg=audit(1733941858.619:78872): argc=4 a0="sudo" a1="sh" a2="-c" a3=6563686F2044656661756C747320217474795F7469636B657473203E3E202F6574632F7375646F657273
type=CWD msg=audit(1733941858.619:78872): cwd="/home/alice"
type=PATH msg=audit(1733941858.619:78872): item=0 name="/usr/bin/sudo" inode=2028 dev=08:01 mode=0104755 ouid=0 ogid=0 rdev=00:00 nametype=NORMAL cap_fp=0 cap_fi=0 cap_fe=0 cap_fver=0 cap_frootid=0
type=PATH msg=audit(1733941858.619:78872): item=1 name="/lib64/ld-linux-x86-64.so.2" inode=4742 dev=08:01 mode=0100755 ouid=0 ogid=0 rdev=00:00 nametype=NORMAL cap_fp=0 cap_fi=0 cap_fe=0 cap_fver=0 cap_frootid=0
type=PROCTITLE msg=audit(1733941858.619:78872): proctitle=7375646F007368002D63006563686F2044656661756C747320217474795F7469636B657473203E3E202F6574632F7375646F657273
type=SYSCALL msg=audit(1733941858.623:78873): arch=c000003e syscall=42 success=yes exit=0 a0=4 a1=7fa4fd8fd7f4 a2=10 a3=7ffdf252d7d4 items=0 ppid=8368 pid=18211 auid=1003 uid=0 gid=1004 euid=0 suid=0 fsuid=0 egid=0 sgid=1004 fsgid=0 tty=pts0 ses=16 comm="sudo" exe="/usr/bin/sudo" subj=unconfined
type=SOCKADDR msg=audit(1733941858.623:78873): saddr=020000357F000035B0E682A81D560000
type=PROCTITLE msg=audit(1733941858.623:78873): proctitle=7375646F007368002D63006563686F2044656661756C747320217474795F7469636B657473203E3E202F6574632F7375646F657273
type=SYSCALL msg=audit(1733941858.623:78874): arch=c000003e syscall=42 success=yes exit=0 a0=f a1=7ffe59cdef30 a2=10 a3=7ffe59cdef2c items=0 ppid=1 pid=530 auid=4294967295 uid=101 gid=103 euid=101 suid=101 fsuid=101 egid=103 sgid=103 fsgid=103 tty=(none) ses=4294967295 comm="systemd-resolve" exe="/usr/lib/systemd/systemd-resolved" subj=unconfined
type=SOCKADDR msg=audit(1733941858.623:78874): saddr=02000035A9FEA9FE0000000000000000
type=PROCTITLE msg=audit(1733941858.623:78874): proctitle="/lib/systemd/systemd-resolved"
type=SYSCALL msg=audit(1733941858.623:78875): arch=c000003e syscall=42 success=yes exit=0 a0=10 a1=7ffe59cdef30 a2=10 a3=7ffe59cdef2c items=0 ppid=1 pid=530 auid=4294967295 uid=101 gid=103 euid=101 suid=101 fsuid=101 egid=103 sgid=103 fsgid=103 tty=(none) ses=4294967295 comm="systemd-resolve" exe="/usr/lib/systemd/systemd-resolved" subj=unconfined
type=SOCKADDR msg=audit(1733941858.623:78875): saddr=02000035A9FEA9FE0000000000000000
type=PROCTITLE msg=audit(1733941858.623:78875): proctitle="/lib/systemd/systemd-resolved"
type=USER_ACCT msg=audit(1733941858.627:78876): pid=18211 uid=1003 auid=1003 ses=16 subj=unconfined msg='op=PAM:accounting grantors=pam_permit acct="alice" exe="/usr/bin/sudo" hostname=? addr=? terminal=/dev/pts/0 res=success'
type=USER_CMD msg=audit(1733941858.627:78877): pid=18211 uid=1003 auid=1003 ses=16 subj=unconfined msg='cwd="/home/alice" cmd=7368202D63206563686F2044656661756C747320217474795F7469636B657473203E3E202F6574632F7375646F657273 terminal=pts/0 res=success'
type=CRED_REFR msg=audit(1733941858.627:78878): pid=18211 uid=0 auid=1003 ses=16 subj=unconfined msg='op=PAM:setcred grantors=pam_permit,pam_cap acct="root" exe="/usr/bin/sudo" hostname=? addr=? terminal=/dev/pts/0 res=success'
type=USER_START msg=audit(1733941858.627:78879): pid=18211 uid=0 auid=1003 ses=16 subj=unconfined msg='op=PAM:session_open grantors=pam_env,pam_env,pam_permit,pam_umask,pam_unix acct="root" exe="/usr/bin/sudo" hostname=? addr=? terminal=/dev/pts/0 res=success'
type=SYSCALL msg=audit(1733941858.631:78880): arch=c000003e syscall=59 success=yes exit=0 a0=561da882dc28 a1=561da8836598 a2=561da88265a0 a3=0 items=2 ppid=18211 pid=18212 auid=1003 uid=0 gid=0 euid=0 suid=0 fsuid=0 egid=0 sgid=0 fsgid=0 tty=pts0 ses=16 comm="sh" exe="/usr/bin/dash" subj=unconfined
type=EXECVE msg=audit(1733941858.631:78880): argc=3 a0="sh" a1="-c" a2=6563686F2044656661756C747320217474795F7469636B657473203E3E202F6574632F7375646F657273
type=CWD msg=audit(1733941858.631:78880): cwd="/home/alice"
type=PATH msg=audit(1733941858.631:78880): item=0 name="/usr/bin/sh" inode=1616 dev=08:01 mode=0100755 ouid=0 ogid=0 rdev=00:00 nametype=NORMAL cap_fp=0 cap_fi=0 cap_fe=0 cap_fver=0 cap_frootid=0
type=PATH msg=audit(1733941858.631:78880): item=1 name="/lib64/ld-linux-x86-64.so.2" inode=4742 dev=08:01 mode=0100755 ouid=0 ogid=0 rdev=00:00 nametype=NORMAL cap_fp=0 cap_fi=0 cap_fe=0 cap_fver=0 cap_frootid=0
type=PROCTITLE msg=audit(1733941858.631:78880): proctitle=7368002D63006563686F2044656661756C747320217474795F7469636B657473203E3E202F6574632F7375646F657273
type=SYSCALL msg=audit(1733941858.631:78881): arch=c000003e syscall=257 success=yes exit=3 a0=ffffff9c a1=5625b84b7c78 a2=441 a3=1b6 items=2 ppid=18211 pid=18212 auid=1003 uid=0 gid=0 euid=0 suid=0 fsuid=0 egid=0 sgid=0 fsgid=0 tty=pts0 ses=16 comm="sh" exe="/usr/bin/dash" subj=unconfined
type=CWD msg=audit(1733941858.631:78881): cwd="/home/alice"
type=PATH msg=audit(1733941858.631:78881): item=0 name="/etc/" inode=43 dev=08:01 mode=040755 ouid=0 ogid=0 rdev=00:00 nametype=PARENT cap_fp=0 cap_fi=0 cap_fe=0 cap_fver=0 cap_frootid=0
type=PATH msg=audit(1733941858.631:78881): item=1 name="/etc/sudoers" inode=5947 dev=08:01 mode=0100440 ouid=0 ogid=0 rdev=00:00 nametype=NORMAL cap_fp=0 cap_fi=0 cap_fe=0 cap_fver=0 cap_frootid=0
type=PROCTITLE msg=audit(1733941858.631:78881): proctitle=7368002D63006563686F2044656661756C747320217474795F7469636B657473203E3E202F6574632F7375646F657273
type=USER_END msg=audit(1733941858.631:78882): pid=18211 uid=0 auid=1003 ses=16 subj=unconfined msg='op=PAM:session_close grantors=pam_env,pam_env,pam_permit,pam_umask,pam_unix acct="root" exe="/usr/bin/sudo" hostname=? addr=? terminal=/dev/pts/0 res=success'
type=CRED_DISP msg=audit(1733941858.631:78883): pid=18211 uid=0 auid=1003 ses=16 subj=unconfined msg='op=PAM:setcred grantors=pam_permit acct="root" exe="/usr/bin/sudo" hostname=? addr=? terminal=/dev/pts/0 res=success'
